Set TheParams->Everything
Set Variables, check X
No display found, using text mode.
At the main Loop
The restart value is 0
OK:0
setting up 60000 particles out of a possible 65521
Opened Restart File
p[538] in cell 21 with y=21.423788
setting up standard box, 95.000000 side length
setting bottom wall
Old Gamma: 5.790000	Old Freq: 0.207127 
Read xvat from starter
No change in Plate position
Used starter to set position
Used the sort of normal velocity and accel for starting
Position:3.419582		Time:1419.419994
And set plate time to Gtime
Velocity: 4.448999		Acceleration:5.790000
Going to set cell
p[i].loc.z:3.419582
cell: 4.000000
intcell: 4
cell = 4
Set  wall's cell
Set wall's pty and diam
Screw Virtual Wall Collision:
Leaving debug_planes()
p[538] in cell 21 with y=21.423788
p[538] in cell 21 with y=21.423788
Leaving pl_init
p[538] in cell 21 with y=21.423788
pl_initiated
cl_calculated
fel_sorted
.list Written
Calculating Bottom collisions at 1421.833973
Calculating Bottom collisions at 1424.247953
Calculating Bottom collisions at 1426.661933
Calculating Bottom collisions at 1429.075912
Calculating Bottom collisions at 1431.489892
Calculating Bottom collisions at 1433.903871
Calculating Bottom collisions at 1436.317851
Calculating Bottom collisions at 1438.731831
Calculating Bottom collisions at 1441.145810
Calculating Bottom collisions at 1443.559790
Calculating Bottom collisions at 1445.973769
simulation finished
Worst z: -2.05893e-13, Worst dt: 2e-09
The total number of collisions/Period is 22909612.833333
