Set TheParams->Everything
Set Variables, check X
No display found, using text mode.
At the main Loop
The restart value is 0
OK:0
setting up 60000 particles out of a possible 65521
Opened Restart File
p[538] in cell 13 with y=12.132737
setting up standard box, 95.000000 side length
setting bottom wall
Old Gamma: 3.000000	Old Freq: 0.193906 
Read xvat from starter
No change in Plate position
Used starter to set position
Used the sort of normal velocity and accel for starting
Position:2.022059		Time:1134.570403
And set plate time to Gtime
Velocity: 2.462352		Acceleration:3.000000
Going to set cell
p[i].loc.z:2.022059
cell: 3.000000
intcell: 3
cell = 3
Set  wall's cell
Set wall's pty and diam
Screw Virtual Wall Collision:
Leaving debug_planes()
p[538] in cell 13 with y=12.132737
p[538] in cell 13 with y=12.132737
Leaving pl_init
p[538] in cell 13 with y=12.132737
pl_initiated
cl_calculated
fel_sorted
.list Written
Calculating Bottom collisions at 1137.148972
Calculating Bottom collisions at 1139.727541
Calculating Bottom collisions at 1142.306111
Calculating Bottom collisions at 1144.884680
Calculating Bottom collisions at 1147.463249
Calculating Bottom collisions at 1150.041818
Calculating Bottom collisions at 1152.620387
Calculating Bottom collisions at 1155.198956
Calculating Bottom collisions at 1157.777525
Calculating Bottom collisions at 1160.356094
Calculating Bottom collisions at 1162.934663
Calculating Bottom collisions at 1165.513232
Calculating Bottom collisions at 1168.091802
Calculating Bottom collisions at 1170.670371
Calculating Bottom collisions at 1173.248940
Calculating Bottom collisions at 1175.827509
Calculating Bottom collisions at 1178.406078
Calculating Bottom collisions at 1180.984647
Calculating Bottom collisions at 1183.563216
Calculating Bottom collisions at 1186.141785
Calculating Bottom collisions at 1188.720354
Calculating Bottom collisions at 1191.298923
Calculating Bottom collisions at 1193.877493
Calculating Bottom collisions at 1196.456062
Calculating Bottom collisions at 1199.034631
Calculating Bottom collisions at 1201.613200
Calculating Bottom collisions at 1204.191769
Calculating Bottom collisions at 1206.770338
Calculating Bottom collisions at 1209.348907
Calculating Bottom collisions at 1211.927476
Calculating Bottom collisions at 1214.506045
Calculating Bottom collisions at 1217.084614
Calculating Bottom collisions at 1219.663184
Calculating Bottom collisions at 1222.241753
Calculating Bottom collisions at 1224.820322
Calculating Bottom collisions at 1227.398891
Calculating Bottom collisions at 1229.977460
Calculating Bottom collisions at 1232.556029
Calculating Bottom collisions at 1235.134598
Calculating Bottom collisions at 1237.713167
Calculating Bottom collisions at 1240.291736
Calculating Bottom collisions at 1242.870305
Calculating Bottom collisions at 1245.448875
Calculating Bottom collisions at 1248.027444
Calculating Bottom collisions at 1250.606013
Calculating Bottom collisions at 1253.184582
Calculating Bottom collisions at 1255.763151
Calculating Bottom collisions at 1258.341720
Calculating Bottom collisions at 1260.920289
Calculating Bottom collisions at 1263.498858
Calculating Bottom collisions at 1266.077427
Calculating Bottom collisions at 1268.655996
Calculating Bottom collisions at 1271.234565
Calculating Bottom collisions at 1273.813135
Calculating Bottom collisions at 1276.391704
Calculating Bottom collisions at 1278.970273
Calculating Bottom collisions at 1281.548842
Calculating Bottom collisions at 1284.127411
Calculating Bottom collisions at 1286.705980
Calculating Bottom collisions at 1289.284549
Calculating Bottom collisions at 1291.863118
Calculating Bottom collisions at 1294.441687
Calculating Bottom collisions at 1297.020256
Calculating Bottom collisions at 1299.598826
Calculating Bottom collisions at 1302.177395
Calculating Bottom collisions at 1304.755964
Calculating Bottom collisions at 1307.334533
Calculating Bottom collisions at 1309.913102
Calculating Bottom collisions at 1312.491671
Calculating Bottom collisions at 1315.070240
Calculating Bottom collisions at 1317.648809
Calculating Bottom collisions at 1320.227378
Calculating Bottom collisions at 1322.805947
Calculating Bottom collisions at 1325.384517
Calculating Bottom collisions at 1327.963086
Calculating Bottom collisions at 1330.541655
Calculating Bottom collisions at 1333.120224
Calculating Bottom collisions at 1335.698793
Calculating Bottom collisions at 1338.277362
Calculating Bottom collisions at 1340.855931
Calculating Bottom collisions at 1343.434500
Calculating Bottom collisions at 1346.013069
Calculating Bottom collisions at 1348.591638
Calculating Bottom collisions at 1351.170208
Calculating Bottom collisions at 1353.748777
Calculating Bottom collisions at 1356.327346
Calculating Bottom collisions at 1358.905915
Calculating Bottom collisions at 1361.484484
Calculating Bottom collisions at 1364.063053
Calculating Bottom collisions at 1366.641622
Calculating Bottom collisions at 1369.220191
Calculating Bottom collisions at 1371.798760
Calculating Bottom collisions at 1374.377329
Calculating Bottom collisions at 1376.955899
Calculating Bottom collisions at 1379.534468
Calculating Bottom collisions at 1382.113037
Calculating Bottom collisions at 1384.691606
Calculating Bottom collisions at 1387.270175
Calculating Bottom collisions at 1389.848744
Calculating Bottom collisions at 1392.427313
Calculating Bottom collisions at 1395.005882
Calculating Bottom collisions at 1397.584451
Calculating Bottom collisions at 1400.163020
Calculating Bottom collisions at 1402.741590
Calculating Bottom collisions at 1405.320159
Calculating Bottom collisions at 1407.898728
Calculating Bottom collisions at 1410.477297
Calculating Bottom collisions at 1413.055866
Calculating Bottom collisions at 1415.634435
Calculating Bottom collisions at 1418.213004
Calculating Bottom collisions at 1420.791573
Calculating Bottom collisions at 1423.370142
Calculating Bottom collisions at 1425.948711
Calculating Bottom collisions at 1428.527280
Calculating Bottom collisions at 1431.105850
Calculating Bottom collisions at 1433.684419
Calculating Bottom collisions at 1436.262988
Calculating Bottom collisions at 1438.841557
Calculating Bottom collisions at 1441.420126
Calculating Bottom collisions at 1443.998695
Calculating Bottom collisions at 1446.577264
Calculating Bottom collisions at 1449.155833
Calculating Bottom collisions at 1451.734402
Calculating Bottom collisions at 1454.312971
Calculating Bottom collisions at 1456.891541
Calculating Bottom collisions at 1459.470110
Calculating Bottom collisions at 1462.048679
Calculating Bottom collisions at 1464.627248
Calculating Bottom collisions at 1467.205817
Calculating Bottom collisions at 1469.784386
Calculating Bottom collisions at 1472.362955
Calculating Bottom collisions at 1474.941524
Calculating Bottom collisions at 1477.520093
Calculating Bottom collisions at 1480.098662
Calculating Bottom collisions at 1482.677232
Calculating Bottom collisions at 1485.255801
Calculating Bottom collisions at 1487.834370
Calculating Bottom collisions at 1490.412939
Calculating Bottom collisions at 1492.991508
Calculating Bottom collisions at 1495.570077
Calculating Bottom collisions at 1498.148646
Calculating Bottom collisions at 1500.727215
Calculating Bottom collisions at 1503.305784
Calculating Bottom collisions at 1505.884353
Calculating Bottom collisions at 1508.462923
Calculating Bottom collisions at 1511.041492
Calculating Bottom collisions at 1513.620061
Calculating Bottom collisions at 1516.198630
Calculating Bottom collisions at 1518.777199
Calculating Bottom collisions at 1521.355768
Calculating Bottom collisions at 1523.934337
Calculating Bottom collisions at 1526.512906
Calculating Bottom collisions at 1529.091475
Calculating Bottom collisions at 1531.670044
Calculating Bottom collisions at 1534.248614
Calculating Bottom collisions at 1536.827183
Calculating Bottom collisions at 1539.405752
Calculating Bottom collisions at 1541.984321
Calculating Bottom collisions at 1544.562890
Calculating Bottom collisions at 1547.141459
simulation finished
Worst z: -4.44085e-16, Worst dt: 1e-09
The total number of collisions/Period is 13323844.162500
